// Jest Snapshot v1, https://goo.gl/fbAQLP

exports[`Question Icon Icon 1`] = `
<svg
  viewBox="0 0 32 32"
  xmlns="http://www.w3.org/2000/svg"
>
  <rect
    className="stroke"
    fill="none"
    height="21.58"
    rx="1.09"
    ry="1.09"
    strokeLinecap="round"
    strokeMiterlimit="10"
    width="22.12"
    x="4.94"
    y="5.23"
  />
  <line
    className="stroke"
    fill="none"
    strokeLinecap="round"
    strokeMiterlimit="10"
    x1="10.71"
    x2="14.61"
    y1="24.33"
    y2="20.43"
  />
  <line
    className="stroke"
    fill="none"
    strokeLinecap="round"
    strokeMiterlimit="10"
    x1="8.76"
    x2="10.71"
    y1="22.38"
    y2="24.33"
  />
  <line
    className="stroke"
    fill="none"
    strokeLinecap="round"
    strokeMiterlimit="10"
    x1="18.9"
    x2="22.8"
    y1="24.33"
    y2="20.43"
  />
  <line
    className="stroke"
    fill="none"
    strokeLinecap="round"
    strokeMiterlimit="10"
    x1="18.9"
    x2="22.8"
    y1="20.43"
    y2="24.33"
  />
  <line
    className="stroke"
    fill="none"
    strokeLinecap="round"
    strokeMiterlimit="10"
    x1="4.94"
    x2="27.06"
    y1="17.81"
    y2="17.81"
  />
  <path
    className="fill"
    d="M13.34,8.63A2.81,2.81,0,0,1,16.06,7c1.59,0,2.62.85,2.62,1.93,0,1.79-2.2,2.07-2.2,3.77a.18.18,0,0,1-.19.18h-.78c-.12,0-.19-.07-.19-.22,0-2,1.93-2.44,1.93-3.65,0-.61-.49-1-1.2-1a1.71,1.71,0,0,0-1.51,1c0,.09-.08.11-.19.09l-.94-.25C13.31,8.81,13.3,8.72,13.34,8.63Zm3.35,7c0,.17-.08.23-.26.23H15.3c-.15,0-.2-.06-.2-.2V14.44c0-.12.05-.17.15-.17h1.3c.09,0,.14,0,.14.15Z"
  />
</svg>
`;
