// Jest Snapshot v1, https://goo.gl/fbAQLP

exports[`ActionButton Properties Modal AddActionModal component 1`] = `"<div class=\\"obojobo-draft--components--modal--simple-dialog\\"><div class=\\"obojobo-draft--components--modal--dialog\\"><div class=\\"obojobo-draft--components--modal--modal\\" role=\\"dialog\\" aria-labelledby=\\"obojobo-draft--components--modal--modal--content\\"><input class=\\"first-tab\\" type=\\"text\\"><div class=\\"content\\" id=\\"obojobo-draft--components--modal--modal--content\\"><h1 class=\\"heading\\" style=\\"text-align: center;\\">New Action</h1><div class=\\"dialog-content\\" style=\\"text-align: center;\\"><div class=\\"new-action\\"><div class=\\"trigger-name\\"><label for=\\"obojobo-draft--chunks--action-button--action\\">Action:</label><select id=\\"obojobo-draft--chunks--action-button--action\\" name=\\"Action\\"><option value=\\"nav:goto\\">nav:goto</option><option value=\\"nav:prev\\">nav:prev</option><option value=\\"nav:next\\">nav:next</option><option value=\\"nav:openExternalLink\\">nav:openExternalLink</option><option value=\\"nav:lock\\">nav:lock</option><option value=\\"nav:unlock\\">nav:unlock</option><option value=\\"nav:open\\">nav:open</option><option value=\\"nav:close\\">nav:close</option><option value=\\"nav:toggle\\">nav:toggle</option><option value=\\"assessment:startAttempt\\">assessment:startAttempt</option><option value=\\"assessment:endAttempt\\">assessment:endAttempt</option><option value=\\"viewer:alert\\">viewer:alert</option></select></div><div class=\\"trigger-value\\"><label for=\\"obojobo-draft--chunks--action-button--value\\">Value:</label><textarea name=\\"Value\\" id=\\"obojobo-draft--chunks--action-button--value\\" placeholder=\\"{&quot;id&quot;:&quot;page-id&quot;}\\"></textarea></div><span></span></div></div><div class=\\"controls\\"><div class=\\"obojobo-draft--components--button alt-action is-not-dangerous align-center\\"><button class=\\"button\\">Cancel</button></div><div class=\\"obojobo-draft--components--button is-not-dangerous align-center\\"><button class=\\"button\\" tabindex=\\"0\\">OK</button></div></div></div><input class=\\"last-tab\\" type=\\"text\\"></div></div></div>"`;

exports[`ActionButton Properties Modal AddActionModal component focuses on first element 1`] = `"<div class=\\"obojobo-draft--components--modal--simple-dialog\\"><div class=\\"obojobo-draft--components--modal--dialog\\"><div class=\\"obojobo-draft--components--modal--modal\\" role=\\"dialog\\" aria-labelledby=\\"obojobo-draft--components--modal--modal--content\\"><input class=\\"first-tab\\" type=\\"text\\"><div class=\\"content\\" id=\\"obojobo-draft--components--modal--modal--content\\"><h1 class=\\"heading\\" style=\\"text-align: center;\\">New Action</h1><div class=\\"dialog-content\\" style=\\"text-align: center;\\"><div class=\\"new-action\\"><div class=\\"trigger-name\\"><label for=\\"obojobo-draft--chunks--action-button--action\\">Action:</label><select id=\\"obojobo-draft--chunks--action-button--action\\" name=\\"Action\\"><option value=\\"nav:goto\\">nav:goto</option><option value=\\"nav:prev\\">nav:prev</option><option value=\\"nav:next\\">nav:next</option><option value=\\"nav:openExternalLink\\">nav:openExternalLink</option><option value=\\"nav:lock\\">nav:lock</option><option value=\\"nav:unlock\\">nav:unlock</option><option value=\\"nav:open\\">nav:open</option><option value=\\"nav:close\\">nav:close</option><option value=\\"nav:toggle\\">nav:toggle</option><option value=\\"assessment:startAttempt\\">assessment:startAttempt</option><option value=\\"assessment:endAttempt\\">assessment:endAttempt</option><option value=\\"viewer:alert\\">viewer:alert</option></select></div><div class=\\"trigger-value\\"><label for=\\"obojobo-draft--chunks--action-button--value\\">Value:</label><textarea name=\\"Value\\" id=\\"obojobo-draft--chunks--action-button--value\\" placeholder=\\"{&quot;id&quot;:&quot;page-id&quot;}\\"></textarea></div><span></span></div></div><div class=\\"controls\\"><div class=\\"obojobo-draft--components--button alt-action is-not-dangerous align-center\\"><button class=\\"button\\">Cancel</button></div><div class=\\"obojobo-draft--components--button is-not-dangerous align-center\\"><button class=\\"button\\" tabindex=\\"0\\">OK</button></div></div></div><input class=\\"last-tab\\" type=\\"text\\"></div></div></div>"`;
