// Jest Snapshot v1, https://goo.gl/fbAQLP

exports[`Correctly converts xml to Youtube node 1`] = `
Object {
  "children": Array [],
  "content": Object {
    "videoId": "test",
  },
  "id": null,
  "type": "Youtube",
}
`;
