// Jest Snapshot v1, https://goo.gl/fbAQLP

exports[`MCFeedback Editor Node MCFeedback builds the expected component 1`] = `
<div
  className="component obojobo-draft--chunks--mc-assessment--mc-feedback editor-feedback"
>
  <div
    className="obojobo-draft--components--button is-not-dangerous align-center delete-button"
  >
    <button
      className="button"
      onClick={[Function]}
    >
      Ã—
    </button>
  </div>
  <span
    className="label"
    contentEditable={false}
  >
    Feedback
  </span>
</div>
`;

exports[`MCFeedback Editor Node MCFeedback component deletes itself 1`] = `"<div class=\\"component obojobo-draft--chunks--mc-assessment--mc-feedback editor-feedback\\"><button class=\\"editor--page-editor--delete-node-button\\">X</button><span class=\\"label\\" contenteditable=\\"false\\">Feedback</span></div>"`;
