// Jest Snapshot v1, https://goo.gl/fbAQLP

exports[`Modal Modal 1`] = `
<div
  className="obojobo-draft--components--modal--modal mockClassName"
>
  <input
    className="first-tab"
    onFocus={[Function]}
    type="text"
  />
  <div
    className="obojobo-draft--components--delete-button"
  >
    <button
      onClick={[MockFunction]}
    >
      Delete
    </button>
  </div>
  <div
    className="content"
  >
    Content
  </div>
  <input
    className="last-tab"
    onFocus={[Function]}
    type="text"
  />
</div>
`;
