// Jest Snapshot v1, https://goo.gl/fbAQLP

exports[`Question 1`] = `
<div>
  <p>
    Content
  </p>
  <button
    onClick={[Function]}
  >
    Reject Label
  </button>
  <button
    onClick={[Function]}
  >
    Confirm Label
  </button>
</div>
`;
