// Jest Snapshot v1, https://goo.gl/fbAQLP

exports[`HotKey HotKey registers a type and key 1`] = `"a"`;

exports[`HotKey HotKey registers a type and key 2`] = `undefined`;
