// Jest Snapshot v1, https://goo.gl/fbAQLP

exports[`ActionButton adapter construct builds with attributes 1`] = `
Object {
  "modelState": Object {
    "listStyles": "mockStyle",
  },
}
`;

exports[`ActionButton adapter construct builds without attributes 1`] = `
Object {
  "modelState": Object {
    "listStyles": ListStyles {
      "clone": [MockFunction],
      "get": [MockFunction],
      "getSetStyles": [MockFunction],
      "init": [MockFunction],
      "map": [MockFunction],
      "set": [MockFunction],
      "toDescriptor": [MockFunction],
    },
  },
}
`;
