// Jest Snapshot v1, https://goo.gl/fbAQLP

exports[`PageEditor EditorNav component 1`] = `"<div class=\\"editor\\"><div class=\\"toolbar\\"><div><button>Bold</button><button>Italic</button><button>Strikethrough</button><button>Quote</button><button>Monospace</button><button>Latex</button><button>Link</button><button>Superscript</button><button>Subscript</button><button>Left</button><button>Right</button><button>Center</button></div><div class=\\"dropdown\\"><button>+ Insert Node</button><div class=\\"drop-content\\"><button>ObojoboDraft.Chunks.ActionButton</button><button>ObojoboDraft.Chunks.Break</button><button>ObojoboDraft.Chunks.Code</button><button>ObojoboDraft.Chunks.Figure</button><button>ObojoboDraft.Chunks.Heading</button><button>ObojoboDraft.Chunks.IFrame</button><button>ObojoboDraft.Chunks.List</button><button>ObojoboDraft.Chunks.MathEquation</button><button>ObojoboDraft.Chunks.Table</button><button>ObojoboDraft.Chunks.Text</button><button>ObojoboDraft.Chunks.YouTube</button><button>ObojoboDraft.Chunks.QuestionBank</button><button>ObojoboDraft.Chunks.Question</button></div></div></div><button class=\\"exporter\\">Save Document</button></div>"`;

exports[`PageEditor EditorNav component changes value 1`] = `"<div class=\\"editor\\"><div class=\\"toolbar\\"><div><button>Bold</button><button>Italic</button><button>Strikethrough</button><button>Quote</button><button>Monospace</button><button>Latex</button><button>Link</button><button>Superscript</button><button>Subscript</button><button>Left</button><button>Right</button><button>Center</button></div><div class=\\"dropdown\\"><button>+ Insert Node</button><div class=\\"drop-content\\"><button>ObojoboDraft.Chunks.ActionButton</button><button>ObojoboDraft.Chunks.Break</button><button>ObojoboDraft.Chunks.Code</button><button>ObojoboDraft.Chunks.Figure</button><button>ObojoboDraft.Chunks.Heading</button><button>ObojoboDraft.Chunks.IFrame</button><button>ObojoboDraft.Chunks.List</button><button>ObojoboDraft.Chunks.MathEquation</button><button>ObojoboDraft.Chunks.Table</button><button>ObojoboDraft.Chunks.Text</button><button>ObojoboDraft.Chunks.YouTube</button><button>ObojoboDraft.Chunks.QuestionBank</button><button>ObojoboDraft.Chunks.Question</button></div></div></div><button class=\\"exporter\\">Save Document</button></div>"`;

exports[`PageEditor EditorNav component inserts item 1`] = `"<div class=\\"editor\\"><div class=\\"toolbar\\"><div><button>Bold</button><button>Italic</button><button>Strikethrough</button><button>Quote</button><button>Monospace</button><button>Latex</button><button>Link</button><button>Superscript</button><button>Subscript</button><button>Left</button><button>Right</button><button>Center</button></div><div class=\\"dropdown\\"><button>+ Insert Node</button><div class=\\"drop-content\\"><button>ObojoboDraft.Chunks.ActionButton</button><button>ObojoboDraft.Chunks.Break</button><button>ObojoboDraft.Chunks.Code</button><button>ObojoboDraft.Chunks.Figure</button><button>ObojoboDraft.Chunks.Heading</button><button>ObojoboDraft.Chunks.IFrame</button><button>ObojoboDraft.Chunks.List</button><button>ObojoboDraft.Chunks.MathEquation</button><button>ObojoboDraft.Chunks.Table</button><button>ObojoboDraft.Chunks.Text</button><button>ObojoboDraft.Chunks.YouTube</button><button>ObojoboDraft.Chunks.QuestionBank</button><button>ObojoboDraft.Chunks.Question</button></div></div></div><button class=\\"exporter\\">Save Document</button></div>"`;

exports[`PageEditor EditorNav component toggles mark 1`] = `"<div class=\\"editor\\"><div class=\\"toolbar\\"><div><button>Bold</button><button>Italic</button><button>Strikethrough</button><button>Quote</button><button>Monospace</button><button>Latex</button><button>Link</button><button>Superscript</button><button>Subscript</button><button>Left</button><button>Right</button><button>Center</button></div><div class=\\"dropdown\\"><button>+ Insert Node</button><div class=\\"drop-content\\"><button>ObojoboDraft.Chunks.ActionButton</button><button>ObojoboDraft.Chunks.Break</button><button>ObojoboDraft.Chunks.Code</button><button>ObojoboDraft.Chunks.Figure</button><button>ObojoboDraft.Chunks.Heading</button><button>ObojoboDraft.Chunks.IFrame</button><button>ObojoboDraft.Chunks.List</button><button>ObojoboDraft.Chunks.MathEquation</button><button>ObojoboDraft.Chunks.Table</button><button>ObojoboDraft.Chunks.Text</button><button>ObojoboDraft.Chunks.YouTube</button><button>ObojoboDraft.Chunks.QuestionBank</button><button>ObojoboDraft.Chunks.Question</button></div></div></div><!-- react-empty: 32 --><button class=\\"exporter\\">Save Document</button></div>"`;

exports[`PageEditor EditorNav component with content 1`] = `"<div class=\\"editor\\"><div class=\\"toolbar\\"><div><button>Bold</button><button>Italic</button><button>Strikethrough</button><button>Quote</button><button>Monospace</button><button>Latex</button><button>Link</button><button>Superscript</button><button>Subscript</button><button>Left</button><button>Right</button><button>Center</button></div><div class=\\"dropdown\\"><button>+ Insert Node</button><div class=\\"drop-content\\"><button>ObojoboDraft.Chunks.ActionButton</button><button>ObojoboDraft.Chunks.Break</button><button>ObojoboDraft.Chunks.Code</button><button>ObojoboDraft.Chunks.Figure</button><button>ObojoboDraft.Chunks.Heading</button><button>ObojoboDraft.Chunks.IFrame</button><button>ObojoboDraft.Chunks.List</button><button>ObojoboDraft.Chunks.MathEquation</button><button>ObojoboDraft.Chunks.Table</button><button>ObojoboDraft.Chunks.Text</button><button>ObojoboDraft.Chunks.YouTube</button><button>ObojoboDraft.Chunks.QuestionBank</button><button>ObojoboDraft.Chunks.Question</button></div></div></div><button class=\\"exporter\\">Save Document</button></div>"`;

exports[`PageEditor EditorNav component with content exports to database 1`] = `"<div class=\\"editor\\"><div class=\\"toolbar\\"><div><button>Bold</button><button>Italic</button><button>Strikethrough</button><button>Quote</button><button>Monospace</button><button>Latex</button><button>Link</button><button>Superscript</button><button>Subscript</button><button>Left</button><button>Right</button><button>Center</button></div><div class=\\"dropdown\\"><button>+ Insert Node</button><div class=\\"drop-content\\"><button>ObojoboDraft.Chunks.ActionButton</button><button>ObojoboDraft.Chunks.Break</button><button>ObojoboDraft.Chunks.Code</button><button>ObojoboDraft.Chunks.Figure</button><button>ObojoboDraft.Chunks.Heading</button><button>ObojoboDraft.Chunks.IFrame</button><button>ObojoboDraft.Chunks.List</button><button>ObojoboDraft.Chunks.MathEquation</button><button>ObojoboDraft.Chunks.Table</button><button>ObojoboDraft.Chunks.Text</button><button>ObojoboDraft.Chunks.YouTube</button><button>ObojoboDraft.Chunks.QuestionBank</button><button>ObojoboDraft.Chunks.Question</button></div></div></div><button class=\\"exporter\\">Save Document</button></div>"`;

exports[`PageEditor EditorNav component with content fails to export to database 1`] = `"<div class=\\"editor\\"><div class=\\"toolbar\\"><div><button>Bold</button><button>Italic</button><button>Strikethrough</button><button>Quote</button><button>Monospace</button><button>Latex</button><button>Link</button><button>Superscript</button><button>Subscript</button><button>Left</button><button>Right</button><button>Center</button></div><div class=\\"dropdown\\"><button>+ Insert Node</button><div class=\\"drop-content\\"><button>ObojoboDraft.Chunks.ActionButton</button><button>ObojoboDraft.Chunks.Break</button><button>ObojoboDraft.Chunks.Code</button><button>ObojoboDraft.Chunks.Figure</button><button>ObojoboDraft.Chunks.Heading</button><button>ObojoboDraft.Chunks.IFrame</button><button>ObojoboDraft.Chunks.List</button><button>ObojoboDraft.Chunks.MathEquation</button><button>ObojoboDraft.Chunks.Table</button><button>ObojoboDraft.Chunks.Text</button><button>ObojoboDraft.Chunks.YouTube</button><button>ObojoboDraft.Chunks.QuestionBank</button><button>ObojoboDraft.Chunks.Question</button></div></div></div><button class=\\"exporter\\">Save Document</button></div>"`;

exports[`PageEditor EditorNav component with no page 1`] = `"<p>No content avalible, click on a page to start editing</p>"`;

exports[`PageEditor EditorNav component with no page updating to a page 1`] = `"<div class=\\"editor\\"><div class=\\"toolbar\\"><div><button>Bold</button><button>Italic</button><button>Strikethrough</button><button>Quote</button><button>Monospace</button><button>Latex</button><button>Link</button><button>Superscript</button><button>Subscript</button><button>Left</button><button>Right</button><button>Center</button></div><div class=\\"dropdown\\"><button>+ Insert Node</button><div class=\\"drop-content\\"><button>ObojoboDraft.Chunks.ActionButton</button><button>ObojoboDraft.Chunks.Break</button><button>ObojoboDraft.Chunks.Code</button><button>ObojoboDraft.Chunks.Figure</button><button>ObojoboDraft.Chunks.Heading</button><button>ObojoboDraft.Chunks.IFrame</button><button>ObojoboDraft.Chunks.List</button><button>ObojoboDraft.Chunks.MathEquation</button><button>ObojoboDraft.Chunks.Table</button><button>ObojoboDraft.Chunks.Text</button><button>ObojoboDraft.Chunks.YouTube</button><button>ObojoboDraft.Chunks.QuestionBank</button><button>ObojoboDraft.Chunks.Question</button></div></div></div><button class=\\"exporter\\">Save Document</button></div>"`;

exports[`PageEditor EditorNav component with no page updating to a page 2`] = `"<div class=\\"editor\\"><div class=\\"toolbar\\"><div><button>Bold</button><button>Italic</button><button>Strikethrough</button><button>Quote</button><button>Monospace</button><button>Latex</button><button>Link</button><button>Superscript</button><button>Subscript</button><button>Left</button><button>Right</button><button>Center</button></div><div class=\\"dropdown\\"><button>+ Insert Node</button><div class=\\"drop-content\\"><button>ObojoboDraft.Chunks.ActionButton</button><button>ObojoboDraft.Chunks.Break</button><button>ObojoboDraft.Chunks.Code</button><button>ObojoboDraft.Chunks.Figure</button><button>ObojoboDraft.Chunks.Heading</button><button>ObojoboDraft.Chunks.IFrame</button><button>ObojoboDraft.Chunks.List</button><button>ObojoboDraft.Chunks.MathEquation</button><button>ObojoboDraft.Chunks.Table</button><button>ObojoboDraft.Chunks.Text</button><button>ObojoboDraft.Chunks.YouTube</button><button>ObojoboDraft.Chunks.QuestionBank</button><button>ObojoboDraft.Chunks.Question</button></div></div></div><button class=\\"exporter\\">Save Document</button></div>"`;
